
/home/runner/work/exp-implementation-multiplexer-using-msi-iitb/exp-implementation-multiplexer-using-msi-iitb/experiment/simulation/common_libraries/js/ts_components/collapse_step.js
   1:10  warning  'show_step' is defined but never used                 no-unused-vars
   2:5   warning  '$' is not defined                                    no-undef
   3:9   warning  '$' is not defined                                    no-undef
   6:10  warning  'hide_step' is defined but never used                 no-unused-vars
   7:5   warning  '$' is not defined                                    no-undef
   8:9   warning  '$' is not defined                                    no-undef
  11:10  warning  'get_collapse_btn_text' is defined but never used     no-unused-vars
  20:10  warning  'get_collapse_btn_element' is defined but never used  no-unused-vars
  29:10  warning  'hide_all_steps' is defined but never used            no-unused-vars
  31:9   warning  '$' is not defined                                    no-undef

/home/runner/work/exp-implementation-multiplexer-using-msi-iitb/exp-implementation-multiplexer-using-msi-iitb/experiment/simulation/common_libraries/js/ts_components/matrix.js
   27:26  warning  'MathJax' is not defined                                no-undef
   32:7   warning  'Matrix_Without_String' is defined but never used       no-unused-vars
   52:26  warning  'MathJax' is not defined                                no-undef
   56:10  warning  'get_matrix_html' is defined but never used             no-unused-vars
   87:13  warning  'row_html' is assigned a value but never used           no-unused-vars
   99:10  warning  'get_matrix_html_with_title' is defined but never used  no-unused-vars
  131:13  warning  'row_html' is assigned a value but never used           no-unused-vars
  143:10  warning  'convert_2d_to_1d_vector' is defined but never used     no-unused-vars
  156:10  warning  'convert_1d_to_2d_matrix' is defined but never used     no-unused-vars

/home/runner/work/exp-implementation-multiplexer-using-msi-iitb/exp-implementation-multiplexer-using-msi-iitb/experiment/simulation/common_libraries/js/ts_components/matrix_2d.js
    2:10  warning  'toLatexBMatrix' is defined but never used              no-unused-vars
   29:10  warning  'toLatexDeterminant' is defined but never used          no-unused-vars
   61:10  warning  'renderMatrixInputs' is defined but never used          no-unused-vars
  111:10  warning  'readMatrix2D' is defined but never used                no-unused-vars
  130:10  warning  'verifyMatrix2D' is defined but never used              no-unused-vars
  141:18  warning  'verify_values' is not defined                          no-undef
  148:10  warning  'transposeMatrix' is defined but never used             no-unused-vars
  165:10  warning  'multiplyMatrices' is defined but never used            no-unused-vars
  200:10  warning  'inverseMatrix' is defined but never used               no-unused-vars
  255:10  warning  'determinant' is defined but never used                 no-unused-vars
  305:10  warning  'convertMatrixInputsToSpans' is defined but never used  no-unused-vars

/home/runner/work/exp-implementation-multiplexer-using-msi-iitb/exp-implementation-multiplexer-using-msi-iitb/experiment/simulation/common_libraries/js/ts_components/pannel.js
  8:7  warning  'Pannel' is defined but never used  no-unused-vars

/home/runner/work/exp-implementation-multiplexer-using-msi-iitb/exp-implementation-multiplexer-using-msi-iitb/experiment/simulation/common_libraries/js/ts_components/questions.js
   6:17  warning  'op1' is assigned a value but never used      no-unused-vars
   7:17  warning  'op2' is assigned a value but never used      no-unused-vars
   8:17  warning  'op3' is assigned a value but never used      no-unused-vars
   9:17  warning  'op4' is assigned a value but never used      no-unused-vars
  94:7   warning  'Question_Options' is defined but never used  no-unused-vars

/home/runner/work/exp-implementation-multiplexer-using-msi-iitb/exp-implementation-multiplexer-using-msi-iitb/experiment/simulation/common_libraries/js/ts_components/tables.js
   19:22  warning  'verify_values' is not defined                                     no-undef
  137:22  warning  'verify_values' is not defined                                     no-undef
  260:7   warning  'Verify_Rows_Cols_6_decimal_places' is defined but never used      no-unused-vars
  311:22  warning  'verify_values' is not defined                                     no-undef
  416:7   warning  'Verify_Rows_Cols_Custom_Fixed_Update1' is defined but never used  no-unused-vars
  468:7   warning  'Show_Table_Custom_Fixed' is defined but never used                no-unused-vars
  506:7   warning  'Verify_Rows_Cols_Strings' is defined but never used               no-unused-vars
  527:22  warning  'verify_values' is not defined                                     no-undef
  663:7   warning  'Display_Table' is defined but never used                          no-unused-vars

/home/runner/work/exp-implementation-multiplexer-using-msi-iitb/exp-implementation-multiplexer-using-msi-iitb/experiment/simulation/common_libraries/js/ts_math_library/general_math_functions.js
    1:10  warning  'verify_values' is defined but never used                   no-unused-vars
   17:10  warning  'random1' is defined but never used                         no-unused-vars
   21:10  warning  'std_deviation' is defined but never used                   no-unused-vars
   26:10  warning  'gauss' is defined but never used                           no-unused-vars
   56:10  warning  'hide_panel' is defined but never used                      no-unused-vars
   63:10  warning  'inverse_matrix' is defined but never used                  no-unused-vars
   96:10  warning  'matrix_multiplication' is defined but never used           no-unused-vars
  113:10  warning  'transpose_matrix' is defined but never used                no-unused-vars
  123:10  warning  'matrix_multiplication_8decimal' is defined but never used  no-unused-vars
  140:10  warning  'adjoint_2x2_matrix' is defined but never used              no-unused-vars
  145:10  warning  'find_deteminant' is defined but never used                 no-unused-vars
  174:10  warning  'get_Submatrix' is defined but never used                   no-unused-vars

/home/runner/work/exp-implementation-multiplexer-using-msi-iitb/exp-implementation-multiplexer-using-msi-iitb/experiment/simulation/common_libraries/js/ts_math_library/regression.js
   1:10  warning  'regression_linear' is defined but never used            no-unused-vars
  18:10  warning  'regression_linear_1variable' is defined but never used  no-unused-vars
  27:10  warning  'regression_linear_2variable' is defined but never used  no-unused-vars
  52:11  warning  'gauss' is not defined                                   no-undef

/home/runner/work/exp-implementation-multiplexer-using-msi-iitb/exp-implementation-multiplexer-using-msi-iitb/experiment/simulation/common_libraries/math.ob.js
  1:745  warning  'b' is already defined  no-redeclare

/home/runner/work/exp-implementation-multiplexer-using-msi-iitb/exp-implementation-multiplexer-using-msi-iitb/experiment/simulation/js/Block_List.js
  8:5    warning  'Block' is defined but never used       no-unused-vars
  8:11   warning  'Block_List' is defined but never used  no-unused-vars
  8:143  warning  Unnecessary semicolon                   no-extra-semi
  8:152  warning  'j' is already defined                  no-redeclare
  8:282  warning  Unnecessary semicolon                   no-extra-semi
  8:301  warning  Unnecessary semicolon                   no-extra-semi

/home/runner/work/exp-implementation-multiplexer-using-msi-iitb/exp-implementation-multiplexer-using-msi-iitb/experiment/simulation/js/Connection.js
  8:5     warning  'ConnectionIndex' is defined but never used  no-unused-vars
  8:21    warning  'Connection' is defined but never used       no-unused-vars
  8:153   warning  Unnecessary semicolon                        no-extra-semi
  8:162   warning  'r' is already defined                       no-redeclare
  8:292   warning  Unnecessary semicolon                        no-extra-semi
  8:311   warning  Unnecessary semicolon                        no-extra-semi
  8:1447  warning  Unnecessary escape character: \/             no-useless-escape
  8:1811  warning  Unnecessary escape character: \/             no-useless-escape
  8:2061  warning  Unnecessary escape character: \/             no-useless-escape
  8:2503  warning  Unnecessary escape character: \/             no-useless-escape
  8:3981  warning  Unnecessary escape character: \/             no-useless-escape

/home/runner/work/exp-implementation-multiplexer-using-msi-iitb/exp-implementation-multiplexer-using-msi-iitb/experiment/simulation/js/Control_Manager.js
  8:5      warning  'Connection_Mode' is defined but never used     no-unused-vars
  8:21     warning  'Transfer_Pin_Queue' is defined but never used  no-unused-vars
  8:40     warning  'Control_Manager' is defined but never used     no-unused-vars
  8:177    warning  Unnecessary semicolon                           no-extra-semi
  8:186    warning  't' is already defined                          no-redeclare
  8:316    warning  Unnecessary semicolon                           no-extra-semi
  8:335    warning  Unnecessary semicolon                           no-extra-semi
  8:1620   warning  Unnecessary escape character: \/                no-useless-escape
  8:1966   warning  Unnecessary escape character: \/                no-useless-escape
  8:2759   warning  Unnecessary escape character: \/                no-useless-escape
  8:2765   warning  Unnecessary escape character: \/                no-useless-escape
  8:3358   warning  Unnecessary escape character: \/                no-useless-escape
  8:3509   warning  Unnecessary escape character: \/                no-useless-escape
  8:3979   warning  Unnecessary escape character: \/                no-useless-escape
  8:4006   warning  Unnecessary escape character: \/                no-useless-escape
  8:4087   warning  Unnecessary escape character: \/                no-useless-escape
  8:4433   warning  Unnecessary escape character: \/                no-useless-escape
  8:4445   warning  Unnecessary escape character: \/                no-useless-escape
  8:4448   warning  Unnecessary escape character: \/                no-useless-escape
  8:4502   warning  Unnecessary escape character: \/                no-useless-escape
  8:4716   warning  Unnecessary escape character: \/                no-useless-escape
  8:5540   warning  Unnecessary escape character: \/                no-useless-escape
  8:5573   warning  Unnecessary escape character: \/                no-useless-escape
  8:5953   warning  Unnecessary escape character: \/                no-useless-escape
  8:5961   warning  Unnecessary escape character: \/                no-useless-escape
  8:6004   warning  Unnecessary escape character: \/                no-useless-escape
  8:6087   warning  Unnecessary escape character: \/                no-useless-escape
  8:6150   warning  Unnecessary escape character: \/                no-useless-escape
  8:6358   warning  Unnecessary escape character: \/                no-useless-escape
  8:6465   warning  Unnecessary escape character: \/                no-useless-escape
  8:6917   warning  Unnecessary escape character: \/                no-useless-escape
  8:7872   warning  Unnecessary escape character: \/                no-useless-escape
  8:7944   warning  Unnecessary escape character: \/                no-useless-escape
  8:7976   warning  Unnecessary escape character: \/                no-useless-escape
  8:8595   warning  Unnecessary escape character: \/                no-useless-escape
  8:8977   warning  Unnecessary escape character: \/                no-useless-escape
  8:9344   warning  Unnecessary escape character: \/                no-useless-escape
  8:9432   warning  Unnecessary escape character: \/                no-useless-escape
  8:9779   warning  Unnecessary escape character: \/                no-useless-escape
  8:9842   warning  Unnecessary escape character: \/                no-useless-escape
  8:9895   warning  Unnecessary escape character: \/                no-useless-escape
  8:10299  warning  Unnecessary escape character: \/                no-useless-escape

/home/runner/work/exp-implementation-multiplexer-using-msi-iitb/exp-implementation-multiplexer-using-msi-iitb/experiment/simulation/js/Custom_Prompt.js
  8:5     warning  'Custom_Prompt' is defined but never used  no-unused-vars
  8:140   warning  Unnecessary semicolon                      no-extra-semi
  8:149   warning  'q' is already defined                     no-redeclare
  8:279   warning  Unnecessary semicolon                      no-extra-semi
  8:298   warning  Unnecessary semicolon                      no-extra-semi
  8:1478  warning  Unnecessary escape character: \/           no-useless-escape
  8:1880  warning  Unnecessary escape character: \/           no-useless-escape
  8:2986  warning  Unnecessary escape character: \/           no-useless-escape
  8:3225  warning  Unnecessary escape character: \/           no-useless-escape
  8:3687  warning  Unnecessary escape character: \/           no-useless-escape
  8:4337  warning  Unnecessary escape character: \/           no-useless-escape
  8:4362  warning  Unnecessary escape character: \/           no-useless-escape
  8:4381  warning  Unnecessary escape character: \/           no-useless-escape
  8:4916  warning  Unnecessary escape character: \/           no-useless-escape
  8:5039  warning  Unnecessary escape character: \/           no-useless-escape

/home/runner/work/exp-implementation-multiplexer-using-msi-iitb/exp-implementation-multiplexer-using-msi-iitb/experiment/simulation/js/IC.js
  8:5     warning  'IC' is defined but never used    no-unused-vars
  8:129   warning  Unnecessary semicolon             no-extra-semi
  8:138   warning  'v' is already defined            no-redeclare
  8:268   warning  Unnecessary semicolon             no-extra-semi
  8:287   warning  Unnecessary semicolon             no-extra-semi
  8:1329  warning  Unnecessary escape character: \/  no-useless-escape
  8:1489  warning  Unnecessary escape character: \/  no-useless-escape
  8:1508  warning  Unnecessary escape character: \/  no-useless-escape
  8:1813  warning  Unnecessary escape character: \/  no-useless-escape
  8:2470  warning  Unnecessary escape character: \/  no-useless-escape
  8:3198  warning  Unnecessary escape character: \/  no-useless-escape
  8:3801  warning  Unnecessary escape character: \/  no-useless-escape
  8:4173  warning  Unnecessary escape character: \/  no-useless-escape
  8:4297  warning  Unnecessary escape character: \/  no-useless-escape
  8:5911  warning  Unnecessary escape character: \/  no-useless-escape

/home/runner/work/exp-implementation-multiplexer-using-msi-iitb/exp-implementation-multiplexer-using-msi-iitb/experiment/simulation/js/IC_Base.js
  8:5     warning  'IC_Base_Mode' is defined but never used  no-unused-vars
  8:18    warning  'IC_Base' is defined but never used       no-unused-vars
  8:147   warning  Unnecessary semicolon                     no-extra-semi
  8:156   warning  't' is already defined                    no-redeclare
  8:286   warning  Unnecessary semicolon                     no-extra-semi
  8:305   warning  Unnecessary semicolon                     no-extra-semi
  8:2068  warning  Unnecessary escape character: \/          no-useless-escape
  8:2106  warning  Unnecessary escape character: \/          no-useless-escape
  8:2158  warning  Unnecessary escape character: \/          no-useless-escape
  8:2201  warning  Unnecessary escape character: \/          no-useless-escape
  8:2343  warning  Unnecessary escape character: \/          no-useless-escape
  8:2692  warning  Unnecessary escape character: \/          no-useless-escape
  8:2880  warning  Unnecessary escape character: \/          no-useless-escape
  8:2897  warning  Unnecessary escape character: \/          no-useless-escape
  8:3008  warning  Unnecessary escape character: \/          no-useless-escape
  8:3084  warning  Unnecessary escape character: \/          no-useless-escape
  8:3229  warning  Unnecessary escape character: \/          no-useless-escape
  8:3370  warning  Unnecessary escape character: \/          no-useless-escape
  8:3489  warning  Unnecessary escape character: \/          no-useless-escape
  8:3503  warning  Unnecessary escape character: \/          no-useless-escape
  8:4329  warning  Unnecessary escape character: \/          no-useless-escape
  8:4381  warning  Unnecessary escape character: \/          no-useless-escape
  8:4539  warning  Unnecessary escape character: \/          no-useless-escape
  8:4715  warning  Unnecessary escape character: \/          no-useless-escape
  8:4849  warning  Unnecessary escape character: \/          no-useless-escape
  8:5093  warning  Unnecessary escape character: \/          no-useless-escape
  8:5110  warning  Unnecessary escape character: \/          no-useless-escape
  8:5181  warning  Unnecessary escape character: \/          no-useless-escape
  8:5416  warning  Unnecessary escape character: \/          no-useless-escape
  8:5528  warning  Unnecessary escape character: \/          no-useless-escape
  8:5613  warning  Unnecessary escape character: \/          no-useless-escape
  8:6233  warning  Unnecessary escape character: \/          no-useless-escape
  8:6448  warning  Unnecessary escape character: \/          no-useless-escape
  8:6566  warning  Unnecessary escape character: \/          no-useless-escape
  8:6572  warning  Unnecessary escape character: \/          no-useless-escape
  8:6727  warning  Unnecessary escape character: \/          no-useless-escape
  8:6788  warning  Unnecessary escape character: \/          no-useless-escape
  8:6975  warning  Unnecessary escape character: \/          no-useless-escape
  8:7035  warning  Unnecessary escape character: \/          no-useless-escape
  8:7050  warning  Unnecessary escape character: \/          no-useless-escape

/home/runner/work/exp-implementation-multiplexer-using-msi-iitb/exp-implementation-multiplexer-using-msi-iitb/experiment/simulation/js/IC_Data/74LS00.js
  8:123  warning  Unnecessary semicolon   no-extra-semi
  8:132  warning  'l' is already defined  no-redeclare
  8:262  warning  Unnecessary semicolon   no-extra-semi
  8:281  warning  Unnecessary semicolon   no-extra-semi

/home/runner/work/exp-implementation-multiplexer-using-msi-iitb/exp-implementation-multiplexer-using-msi-iitb/experiment/simulation/js/IC_Data/74LS02.js
  8:123  warning  Unnecessary semicolon   no-extra-semi
  8:132  warning  'c' is already defined  no-redeclare
  8:262  warning  Unnecessary semicolon   no-extra-semi
  8:281  warning  Unnecessary semicolon   no-extra-semi

/home/runner/work/exp-implementation-multiplexer-using-msi-iitb/exp-implementation-multiplexer-using-msi-iitb/experiment/simulation/js/IC_Data/74LS04.js
  8:123  warning  Unnecessary semicolon   no-extra-semi
  8:132  warning  'n' is already defined  no-redeclare
  8:262  warning  Unnecessary semicolon   no-extra-semi
  8:281  warning  Unnecessary semicolon   no-extra-semi

/home/runner/work/exp-implementation-multiplexer-using-msi-iitb/exp-implementation-multiplexer-using-msi-iitb/experiment/simulation/js/IC_Data/74LS08.js
  8:123  warning  Unnecessary semicolon   no-extra-semi
  8:132  warning  'r' is already defined  no-redeclare
  8:262  warning  Unnecessary semicolon   no-extra-semi
  8:281  warning  Unnecessary semicolon   no-extra-semi

/home/runner/work/exp-implementation-multiplexer-using-msi-iitb/exp-implementation-multiplexer-using-msi-iitb/experiment/simulation/js/IC_Data/74LS138.js
  8:123   warning  Unnecessary semicolon             no-extra-semi
  8:132   warning  's' is already defined            no-redeclare
  8:262   warning  Unnecessary semicolon             no-extra-semi
  8:281   warning  Unnecessary semicolon             no-extra-semi
  8:1360  warning  Unnecessary escape character: \/  no-useless-escape
  8:1420  warning  Unnecessary escape character: \/  no-useless-escape
  8:1442  warning  Unnecessary escape character: \/  no-useless-escape
  8:1519  warning  Unnecessary escape character: \/  no-useless-escape
  8:1890  warning  Unnecessary escape character: \/  no-useless-escape
  8:2043  warning  Unnecessary escape character: \/  no-useless-escape
  8:2070  warning  Unnecessary escape character: \/  no-useless-escape
  8:2405  warning  Unnecessary escape character: \/  no-useless-escape
  8:2460  warning  Unnecessary escape character: \/  no-useless-escape

/home/runner/work/exp-implementation-multiplexer-using-msi-iitb/exp-implementation-multiplexer-using-msi-iitb/experiment/simulation/js/IC_Data/74LS139.js
  8:122   warning  Unnecessary semicolon             no-extra-semi
  8:131   warning  'k' is already defined            no-redeclare
  8:261   warning  Unnecessary semicolon             no-extra-semi
  8:280   warning  Unnecessary semicolon             no-extra-semi
  8:1387  warning  Unnecessary escape character: \/  no-useless-escape
  8:1403  warning  Unnecessary escape character: \/  no-useless-escape
  8:1421  warning  Unnecessary escape character: \/  no-useless-escape
  8:1511  warning  Unnecessary escape character: \/  no-useless-escape
  8:1722  warning  Unnecessary escape character: \/  no-useless-escape

/home/runner/work/exp-implementation-multiplexer-using-msi-iitb/exp-implementation-multiplexer-using-msi-iitb/experiment/simulation/js/IC_Data/74LS153.js
  8:123   warning  Unnecessary semicolon             no-extra-semi
  8:132   warning  'a' is already defined            no-redeclare
  8:262   warning  Unnecessary semicolon             no-extra-semi
  8:281   warning  Unnecessary semicolon             no-extra-semi
  8:1349  warning  Unnecessary escape character: \/  no-useless-escape
  8:1368  warning  Unnecessary escape character: \/  no-useless-escape
  8:1404  warning  Unnecessary escape character: \/  no-useless-escape
  8:1476  warning  Unnecessary escape character: \/  no-useless-escape
  8:1531  warning  Unnecessary escape character: \/  no-useless-escape
  8:1577  warning  Unnecessary escape character: \/  no-useless-escape
  8:1581  warning  Unnecessary escape character: \/  no-useless-escape
  8:1653  warning  Unnecessary escape character: \/  no-useless-escape
  8:1656  warning  Unnecessary escape character: \/  no-useless-escape
  8:1742  warning  Unnecessary escape character: \/  no-useless-escape
  8:1807  warning  Unnecessary escape character: \/  no-useless-escape
  8:1839  warning  Unnecessary escape character: \/  no-useless-escape
  8:1849  warning  Unnecessary escape character: \/  no-useless-escape
  8:1860  warning  Unnecessary escape character: \/  no-useless-escape
  8:1902  warning  Unnecessary escape character: \/  no-useless-escape
  8:1980  warning  Unnecessary escape character: \/  no-useless-escape
  8:1982  warning  Unnecessary escape character: \/  no-useless-escape
  8:2022  warning  Unnecessary escape character: \/  no-useless-escape
  8:2064  warning  Unnecessary escape character: \/  no-useless-escape
  8:2066  warning  Unnecessary escape character: \/  no-useless-escape
  8:2160  warning  Unnecessary escape character: \/  no-useless-escape
  8:2274  warning  Unnecessary escape character: \/  no-useless-escape
  8:2278  warning  Unnecessary escape character: \/  no-useless-escape

/home/runner/work/exp-implementation-multiplexer-using-msi-iitb/exp-implementation-multiplexer-using-msi-iitb/experiment/simulation/js/IC_Data/74LS20.js
  8:123  warning  Unnecessary semicolon   no-extra-semi
  8:132  warning  'x' is already defined  no-redeclare
  8:262  warning  Unnecessary semicolon   no-extra-semi
  8:281  warning  Unnecessary semicolon   no-extra-semi

/home/runner/work/exp-implementation-multiplexer-using-msi-iitb/exp-implementation-multiplexer-using-msi-iitb/experiment/simulation/js/IC_Data/74LS32.js
  8:123  warning  Unnecessary semicolon   no-extra-semi
  8:132  warning  'p' is already defined  no-redeclare
  8:262  warning  Unnecessary semicolon   no-extra-semi
  8:281  warning  Unnecessary semicolon   no-extra-semi

/home/runner/work/exp-implementation-multiplexer-using-msi-iitb/exp-implementation-multiplexer-using-msi-iitb/experiment/simulation/js/IC_Data/74LS76.js
  8:123   warning  Unnecessary semicolon             no-extra-semi
  8:132   warning  'h' is already defined            no-redeclare
  8:262   warning  Unnecessary semicolon             no-extra-semi
  8:281   warning  Unnecessary semicolon             no-extra-semi
  8:1527  warning  Unnecessary escape character: \/  no-useless-escape
  8:1718  warning  Unnecessary escape character: \/  no-useless-escape
  8:1939  warning  Unnecessary escape character: \/  no-useless-escape
  8:2165  warning  Unnecessary escape character: \/  no-useless-escape
  8:2341  warning  Unnecessary escape character: \/  no-useless-escape
  8:2448  warning  Unnecessary escape character: \/  no-useless-escape

/home/runner/work/exp-implementation-multiplexer-using-msi-iitb/exp-implementation-multiplexer-using-msi-iitb/experiment/simulation/js/IC_Data/74LS83.js
  8:123   warning  Unnecessary semicolon             no-extra-semi
  8:132   warning  'e' is already defined            no-redeclare
  8:262   warning  Unnecessary semicolon             no-extra-semi
  8:281   warning  Unnecessary semicolon             no-extra-semi
  8:1442  warning  Unnecessary escape character: \/  no-useless-escape
  8:1838  warning  Unnecessary escape character: \/  no-useless-escape
  8:2685  warning  Unnecessary escape character: \/  no-useless-escape
  8:3574  warning  Unnecessary escape character: \/  no-useless-escape
  8:5190  warning  Unnecessary escape character: \/  no-useless-escape

/home/runner/work/exp-implementation-multiplexer-using-msi-iitb/exp-implementation-multiplexer-using-msi-iitb/experiment/simulation/js/IC_Data/74LS85.js
  8:122  warning  Unnecessary semicolon   no-extra-semi
  8:131  warning  'q' is already defined  no-redeclare
  8:261  warning  Unnecessary semicolon   no-extra-semi
  8:280  warning  Unnecessary semicolon   no-extra-semi

/home/runner/work/exp-implementation-multiplexer-using-msi-iitb/exp-implementation-multiplexer-using-msi-iitb/experiment/simulation/js/IC_Data/74LS86.js
  8:123  warning  Unnecessary semicolon   no-extra-semi
  8:132  warning  'l' is already defined  no-redeclare
  8:262  warning  Unnecessary semicolon   no-extra-semi
  8:281  warning  Unnecessary semicolon   no-extra-semi

/home/runner/work/exp-implementation-multiplexer-using-msi-iitb/exp-implementation-multiplexer-using-msi-iitb/experiment/simulation/js/IC_Data/74LS93.js
  8:123   warning  Unnecessary semicolon             no-extra-semi
  8:132   warning  'i' is already defined            no-redeclare
  8:262   warning  Unnecessary semicolon             no-extra-semi
  8:281   warning  Unnecessary semicolon             no-extra-semi
  8:1417  warning  Unnecessary escape character: \/  no-useless-escape
  8:1579  warning  Unnecessary escape character: \/  no-useless-escape
  8:1597  warning  Unnecessary escape character: \/  no-useless-escape

/home/runner/work/exp-implementation-multiplexer-using-msi-iitb/exp-implementation-multiplexer-using-msi-iitb/experiment/simulation/js/IC_Data/IC_List.js
  8:5     warning  'IC_List' is defined but never used  no-unused-vars
  8:135   warning  Unnecessary semicolon                no-extra-semi
  8:144   warning  'v' is already defined               no-redeclare
  8:274   warning  Unnecessary semicolon                no-extra-semi
  8:293   warning  Unnecessary semicolon                no-extra-semi
  8:1351  warning  Unnecessary escape character: \/     no-useless-escape

/home/runner/work/exp-implementation-multiplexer-using-msi-iitb/exp-implementation-multiplexer-using-msi-iitb/experiment/simulation/js/LED.js
  8:5     warning  'LED' is defined but never used   no-unused-vars
  8:130   warning  Unnecessary semicolon             no-extra-semi
  8:139   warning  'i' is already defined            no-redeclare
  8:269   warning  Unnecessary semicolon             no-extra-semi
  8:288   warning  Unnecessary semicolon             no-extra-semi
  8:1405  warning  Unnecessary escape character: \/  no-useless-escape
  8:1432  warning  Unnecessary escape character: \/  no-useless-escape
  8:1502  warning  Unnecessary escape character: \/  no-useless-escape
  8:1542  warning  Unnecessary escape character: \/  no-useless-escape
  8:1611  warning  Unnecessary escape character: \/  no-useless-escape
  8:1667  warning  Unnecessary escape character: \/  no-useless-escape
  8:1688  warning  Unnecessary escape character: \/  no-useless-escape
  8:1783  warning  Unnecessary escape character: \/  no-useless-escape
  8:1811  warning  Unnecessary escape character: \/  no-useless-escape
  8:2009  warning  Unnecessary escape character: \/  no-useless-escape

/home/runner/work/exp-implementation-multiplexer-using-msi-iitb/exp-implementation-multiplexer-using-msi-iitb/experiment/simulation/js/LED_Port.js
  8:5     warning  'Port_Role' is defined but never used  no-unused-vars
  8:15    warning  'LED_Port' is defined but never used   no-unused-vars
  8:145   warning  Unnecessary semicolon                  no-extra-semi
  8:154   warning  'd' is already defined                 no-redeclare
  8:284   warning  Unnecessary semicolon                  no-extra-semi
  8:303   warning  Unnecessary semicolon                  no-extra-semi
  8:2040  warning  Unnecessary escape character: \/       no-useless-escape
  8:2351  warning  Unnecessary escape character: \/       no-useless-escape
  8:2384  warning  Unnecessary escape character: \/       no-useless-escape
  8:2458  warning  Unnecessary escape character: \/       no-useless-escape
  8:2874  warning  Unnecessary escape character: \/       no-useless-escape
  8:3113  warning  Unnecessary escape character: \/       no-useless-escape
  8:3144  warning  Unnecessary escape character: \/       no-useless-escape
  8:3293  warning  Unnecessary escape character: \/       no-useless-escape
  8:3844  warning  Unnecessary escape character: \/       no-useless-escape
  8:3888  warning  Unnecessary escape character: \/       no-useless-escape
  8:4001  warning  Unnecessary escape character: \/       no-useless-escape

/home/runner/work/exp-implementation-multiplexer-using-msi-iitb/exp-implementation-multiplexer-using-msi-iitb/experiment/simulation/js/Linked_List.js
  8:5     warning  'Linked_List' is defined but never used  no-unused-vars
  8:139   warning  Unnecessary semicolon                    no-extra-semi
  8:148   warning  'b' is already defined                   no-redeclare
  8:278   warning  Unnecessary semicolon                    no-extra-semi
  8:297   warning  Unnecessary semicolon                    no-extra-semi
  8:1905  warning  Unnecessary escape character: \/         no-useless-escape
  8:2132  warning  Unnecessary escape character: \/         no-useless-escape
  8:2274  warning  Unnecessary escape character: \/         no-useless-escape
  8:2282  warning  Unnecessary escape character: \/         no-useless-escape
  8:2382  warning  Unnecessary escape character: \/         no-useless-escape
  8:2427  warning  Unnecessary escape character: \/         no-useless-escape

/home/runner/work/exp-implementation-multiplexer-using-msi-iitb/exp-implementation-multiplexer-using-msi-iitb/experiment/simulation/js/Path_Finder.js
  8:5     warning  'Path_Node' is defined but never used  no-unused-vars
  8:15    warning  'Path' is defined but never used       no-unused-vars
  8:141   warning  Unnecessary semicolon                  no-extra-semi
  8:150   warning  'x' is already defined                 no-redeclare
  8:280   warning  Unnecessary semicolon                  no-extra-semi
  8:299   warning  Unnecessary semicolon                  no-extra-semi
  8:1380  warning  Unnecessary escape character: \/       no-useless-escape
  8:1496  warning  Unnecessary escape character: \/       no-useless-escape
  8:1670  warning  Unnecessary escape character: \/       no-useless-escape
  8:1761  warning  Unnecessary escape character: \/       no-useless-escape
  8:1806  warning  Unnecessary escape character: \/       no-useless-escape
  8:1924  warning  Unnecessary escape character: \/       no-useless-escape
  8:2035  warning  Unnecessary escape character: \/       no-useless-escape
  8:2090  warning  Unnecessary escape character: \/       no-useless-escape
  8:2100  warning  Unnecessary escape character: \/       no-useless-escape
  8:2137  warning  Unnecessary escape character: \/       no-useless-escape
  8:2246  warning  Unnecessary escape character: \/       no-useless-escape
  8:2399  warning  Unnecessary escape character: \/       no-useless-escape
  8:2439  warning  Unnecessary escape character: \/       no-useless-escape
  8:2551  warning  Unnecessary escape character: \/       no-useless-escape
  8:2556  warning  Unnecessary escape character: \/       no-useless-escape
  8:2953  warning  Unnecessary escape character: \/       no-useless-escape
  8:2984  warning  Unnecessary escape character: \/       no-useless-escape
  8:3559  warning  Unnecessary escape character: \/       no-useless-escape
  8:3689  warning  Unnecessary escape character: \/       no-useless-escape
  8:3754  warning  Unnecessary escape character: \/       no-useless-escape
  8:3765  warning  Unnecessary escape character: \/       no-useless-escape
  8:3776  warning  Unnecessary escape character: \/       no-useless-escape
  8:3821  warning  Unnecessary escape character: \/       no-useless-escape
  8:3851  warning  Unnecessary escape character: \/       no-useless-escape
  8:4143  warning  Unnecessary escape character: \/       no-useless-escape
  8:4304  warning  Unnecessary escape character: \/       no-useless-escape
  8:4384  warning  Unnecessary escape character: \/       no-useless-escape
  8:4484  warning  Unnecessary escape character: \/       no-useless-escape
  8:4663  warning  Unnecessary escape character: \/       no-useless-escape
  8:4789  warning  Unnecessary escape character: \/       no-useless-escape
  8:4859  warning  Unnecessary escape character: \/       no-useless-escape
  8:5028  warning  Unnecessary escape character: \/       no-useless-escape
  8:5237  warning  Unnecessary escape character: \/       no-useless-escape
  8:5253  warning  Unnecessary escape character: \/       no-useless-escape
  8:5424  warning  Unnecessary escape character: \/       no-useless-escape
  8:5430  warning  Unnecessary escape character: \/       no-useless-escape

/home/runner/work/exp-implementation-multiplexer-using-msi-iitb/exp-implementation-multiplexer-using-msi-iitb/experiment/simulation/js/Pin.js
  8:5     warning  'Pin_Type' is defined but never used  no-unused-vars
  8:14    warning  'Pin_Role' is defined but never used  no-unused-vars
  8:23    warning  'Pin' is defined but never used       no-unused-vars
  8:149   warning  Unnecessary semicolon                 no-extra-semi
  8:158   warning  'h' is already defined                no-redeclare
  8:288   warning  Unnecessary semicolon                 no-extra-semi
  8:307   warning  Unnecessary semicolon                 no-extra-semi
  8:1805  warning  Unnecessary escape character: \/      no-useless-escape
  8:1841  warning  Unnecessary escape character: \/      no-useless-escape
  8:2101  warning  Unnecessary escape character: \/      no-useless-escape
  8:2181  warning  Unnecessary escape character: \/      no-useless-escape
  8:2301  warning  Unnecessary escape character: \/      no-useless-escape
  8:2409  warning  Unnecessary escape character: \/      no-useless-escape
  8:2700  warning  Unnecessary escape character: \/      no-useless-escape
  8:2739  warning  Unnecessary escape character: \/      no-useless-escape
  8:3084  warning  Unnecessary escape character: \/      no-useless-escape
  8:3234  warning  Unnecessary escape character: \/      no-useless-escape
  8:3750  warning  Unnecessary escape character: \/      no-useless-escape

/home/runner/work/exp-implementation-multiplexer-using-msi-iitb/exp-implementation-multiplexer-using-msi-iitb/experiment/simulation/js/Priority_Queue.js
  8:5     warning  'Priority_Queue' is defined but never used  no-unused-vars
  8:141   warning  Unnecessary semicolon                       no-extra-semi
  8:150   warning  'r' is already defined                      no-redeclare
  8:280   warning  Unnecessary semicolon                       no-extra-semi
  8:299   warning  Unnecessary semicolon                       no-extra-semi
  8:1397  warning  Unnecessary escape character: \/            no-useless-escape
  8:1722  warning  Unnecessary escape character: \/            no-useless-escape
  8:1776  warning  Unnecessary escape character: \/            no-useless-escape
  8:1972  warning  Unnecessary escape character: \/            no-useless-escape
  8:1975  warning  Unnecessary escape character: \/            no-useless-escape
  8:2010  warning  Unnecessary escape character: \/            no-useless-escape

/home/runner/work/exp-implementation-multiplexer-using-msi-iitb/exp-implementation-multiplexer-using-msi-iitb/experiment/simulation/js/Seven_Segment_Display.js
  8:5     warning  'Seven_Segment_Display' is defined but never used  no-unused-vars
  8:148   warning  Unnecessary semicolon                              no-extra-semi
  8:157   warning  's' is already defined                             no-redeclare
  8:287   warning  Unnecessary semicolon                              no-extra-semi
  8:306   warning  Unnecessary semicolon                              no-extra-semi
  8:1514  warning  Unnecessary escape character: \/                   no-useless-escape
  8:2349  warning  Unnecessary escape character: \/                   no-useless-escape
  8:2428  warning  Unnecessary escape character: \/                   no-useless-escape
  8:4126  warning  Unnecessary escape character: \/                   no-useless-escape

/home/runner/work/exp-implementation-multiplexer-using-msi-iitb/exp-implementation-multiplexer-using-msi-iitb/experiment/simulation/js/Simulator.js
  8:5      warning  'Factor' is defined but never used                 no-unused-vars
  8:12     warning  'IC_Data' is defined but never used                no-unused-vars
  8:20     warning  'OutputPort' is defined but never used             no-unused-vars
  8:31     warning  'InputPort' is defined but never used              no-unused-vars
  8:41     warning  'VCCPort' is defined but never used                no-unused-vars
  8:49     warning  'GNDPort' is defined but never used                no-unused-vars
  8:57     warning  'Seven_Seg_Display' is defined but never used      no-unused-vars
  8:75     warning  'ICBase' is defined but never used                 no-unused-vars
  8:82     warning  'VertexTree' is defined but never used             no-unused-vars
  8:93     warning  'Switch' is defined but never used                 no-unused-vars
  8:100    warning  'TimerPort' is defined but never used              no-unused-vars
  8:110    warning  'Debuge_Mode' is defined but never used            no-unused-vars
  8:122    warning  'Timing_Diagram_Status' is defined but never used  no-unused-vars
  8:144    warning  'TimingDiagram' is defined but never used          no-unused-vars
  8:158    warning  'Is_Editable' is defined but never used            no-unused-vars
  8:170    warning  'PopUp' is defined but never used                  no-unused-vars
  8:176    warning  'Check_Error' is defined but never used            no-unused-vars
  8:188    warning  'Restrict_Input' is defined but never used         no-unused-vars
  8:203    warning  'Restrict_Input_Data' is defined but never used    no-unused-vars
  8:223    warning  'Load_Simulator' is defined but never used         no-unused-vars
  8:238    warning  'Load_Exp_01' is defined but never used            no-unused-vars
  8:250    warning  'Load_Exp_02' is defined but never used            no-unused-vars
  8:262    warning  'Load_Exp_03' is defined but never used            no-unused-vars
  8:274    warning  'Load_Exp_04' is defined but never used            no-unused-vars
  8:286    warning  'Load_Exp_05' is defined but never used            no-unused-vars
  8:298    warning  'Load_Exp_06' is defined but never used            no-unused-vars
  8:310    warning  'Load_Exp_07' is defined but never used            no-unused-vars
  8:322    warning  'Load_Exp_08' is defined but never used            no-unused-vars
  8:334    warning  'Load_Exp_09' is defined but never used            no-unused-vars
  8:467    warning  Unnecessary semicolon                              no-extra-semi
  8:476    warning  'w' is already defined                             no-redeclare
  8:606    warning  Unnecessary semicolon                              no-extra-semi
  8:625    warning  Unnecessary semicolon                              no-extra-semi
  8:1725   warning  Unnecessary escape character: \/                   no-useless-escape
  8:3584   warning  Unnecessary escape character: \/                   no-useless-escape
  8:4818   warning  Unnecessary escape character: \/                   no-useless-escape
  8:4956   warning  Unnecessary escape character: \/                   no-useless-escape
  8:7300   warning  Unnecessary escape character: \/                   no-useless-escape
  8:8133   warning  Unnecessary escape character: \/                   no-useless-escape
  8:8717   warning  Unnecessary escape character: \/                   no-useless-escape
  8:8776   warning  Unnecessary escape character: \/                   no-useless-escape
  8:9337   warning  Unnecessary escape character: \/                   no-useless-escape
  8:10124  warning  Unnecessary escape character: \/                   no-useless-escape
  8:10717  warning  Unnecessary escape character: \/                   no-useless-escape
  8:11503  warning  Unnecessary escape character: \/                   no-useless-escape
  8:11550  warning  Unnecessary escape character: \/                   no-useless-escape
  8:12081  warning  Unnecessary escape character: \/                   no-useless-escape
  8:13042  warning  Unnecessary escape character: \/                   no-useless-escape
  8:13469  warning  Unnecessary escape character: \/                   no-useless-escape
  8:13803  warning  Unnecessary escape character: \/                   no-useless-escape
  8:14860  warning  Unnecessary escape character: \/                   no-useless-escape
  8:15064  warning  Unnecessary escape character: \/                   no-useless-escape
  8:16185  warning  Unnecessary escape character: \/                   no-useless-escape
  8:16642  warning  Unnecessary escape character: \/                   no-useless-escape
  8:17616  warning  Unnecessary escape character: \/                   no-useless-escape
  8:17647  warning  Unnecessary escape character: \/                   no-useless-escape
  8:17652  warning  Unnecessary escape character: \/                   no-useless-escape
  8:17968  warning  Unnecessary escape character: \/                   no-useless-escape
  8:18108  warning  Unnecessary escape character: \/                   no-useless-escape
  8:18124  warning  Unnecessary escape character: \/                   no-useless-escape
  8:18152  warning  Unnecessary escape character: \/                   no-useless-escape
  8:18282  warning  Unnecessary escape character: \/                   no-useless-escape
  8:18369  warning  Unnecessary escape character: \/                   no-useless-escape
  8:18460  warning  Unnecessary escape character: \/                   no-useless-escape
  8:18619  warning  Unnecessary escape character: \/                   no-useless-escape
  8:18864  warning  Unnecessary escape character: \/                   no-useless-escape

/home/runner/work/exp-implementation-multiplexer-using-msi-iitb/exp-implementation-multiplexer-using-msi-iitb/experiment/simulation/js/Switch.js
  8:5     warning  'Switch_Port' is defined but never used  no-unused-vars
  8:139   warning  Unnecessary semicolon                    no-extra-semi
  8:148   warning  'z' is already defined                   no-redeclare
  8:278   warning  Unnecessary semicolon                    no-extra-semi
  8:297   warning  Unnecessary semicolon                    no-extra-semi
  8:1478  warning  Unnecessary escape character: \/         no-useless-escape
  8:1567  warning  Unnecessary escape character: \/         no-useless-escape
  8:1816  warning  Unnecessary escape character: \/         no-useless-escape
  8:1886  warning  Unnecessary escape character: \/         no-useless-escape
  8:2066  warning  Unnecessary escape character: \/         no-useless-escape
  8:2436  warning  Unnecessary escape character: \/         no-useless-escape
  8:2565  warning  Unnecessary escape character: \/         no-useless-escape

/home/runner/work/exp-implementation-multiplexer-using-msi-iitb/exp-implementation-multiplexer-using-msi-iitb/experiment/simulation/js/Timer_Port.js
  8:5     warning  'Timer_Port' is defined but never used  no-unused-vars
  8:138   warning  Unnecessary semicolon                   no-extra-semi
  8:147   warning  'v' is already defined                  no-redeclare
  8:277   warning  Unnecessary semicolon                   no-extra-semi
  8:296   warning  Unnecessary semicolon                   no-extra-semi
  8:1529  warning  Unnecessary escape character: \/        no-useless-escape
  8:1712  warning  Unnecessary escape character: \/        no-useless-escape
  8:1936  warning  Unnecessary escape character: \/        no-useless-escape
  8:2028  warning  Unnecessary escape character: \/        no-useless-escape
  8:2245  warning  Unnecessary escape character: \/        no-useless-escape
  8:2340  warning  Unnecessary escape character: \/        no-useless-escape
  8:2666  warning  Unnecessary escape character: \/        no-useless-escape
  8:2727  warning  Unnecessary escape character: \/        no-useless-escape

/home/runner/work/exp-implementation-multiplexer-using-msi-iitb/exp-implementation-multiplexer-using-msi-iitb/experiment/simulation/js/Timing_Diagram.js
  8:5     warning  'Timing_Diagram' is defined but never used  no-unused-vars
  8:142   warning  Unnecessary semicolon                       no-extra-semi
  8:151   warning  'l' is already defined                      no-redeclare
  8:281   warning  Unnecessary semicolon                       no-extra-semi
  8:300   warning  Unnecessary semicolon                       no-extra-semi
  8:1626  warning  Unnecessary escape character: \/            no-useless-escape
  8:2004  warning  Unnecessary escape character: \/            no-useless-escape
  8:2903  warning  Unnecessary escape character: \/            no-useless-escape
  8:3197  warning  Unnecessary escape character: \/            no-useless-escape
  8:3281  warning  Unnecessary escape character: \/            no-useless-escape
  8:4637  warning  Unnecessary escape character: \/            no-useless-escape
  8:4736  warning  Unnecessary escape character: \/            no-useless-escape
  8:5100  warning  Unnecessary escape character: \/            no-useless-escape

/home/runner/work/exp-implementation-multiplexer-using-msi-iitb/exp-implementation-multiplexer-using-msi-iitb/experiment/simulation/js/Tree.js
  8:5     warning  'Internal_Node' is defined but never used  no-unused-vars
  8:19    warning  'Tree' is defined but never used           no-unused-vars
  8:146   warning  Unnecessary semicolon                      no-extra-semi
  8:155   warning  'p' is already defined                     no-redeclare
  8:285   warning  Unnecessary semicolon                      no-extra-semi
  8:304   warning  Unnecessary semicolon                      no-extra-semi
  8:1790  warning  Unnecessary escape character: \/           no-useless-escape
  8:1928  warning  Unnecessary escape character: \/           no-useless-escape
  8:2671  warning  Unnecessary escape character: \/           no-useless-escape
  8:2773  warning  Unnecessary escape character: \/           no-useless-escape
  8:3118  warning  Unnecessary escape character: \/           no-useless-escape
  8:3709  warning  Unnecessary escape character: \/           no-useless-escape
  8:5382  warning  Unnecessary escape character: \/           no-useless-escape
  8:5448  warning  Unnecessary escape character: \/           no-useless-escape

/home/runner/work/exp-implementation-multiplexer-using-msi-iitb/exp-implementation-multiplexer-using-msi-iitb/experiment/simulation/js/Vertex_Tree.js
  8:5     warning  'Y_Node' is defined but never used       no-unused-vars
  8:12    warning  'Vertex_Tree' is defined but never used  no-unused-vars
  8:146   warning  Unnecessary semicolon                    no-extra-semi
  8:155   warning  'g' is already defined                   no-redeclare
  8:285   warning  Unnecessary semicolon                    no-extra-semi
  8:304   warning  Unnecessary semicolon                    no-extra-semi
  8:1712  warning  Unnecessary escape character: \/         no-useless-escape
  8:1778  warning  Unnecessary escape character: \/         no-useless-escape
  8:1910  warning  Unnecessary escape character: \/         no-useless-escape
  8:2388  warning  Unnecessary escape character: \/         no-useless-escape
  8:2818  warning  Unnecessary escape character: \/         no-useless-escape
  8:3687  warning  Unnecessary escape character: \/         no-useless-escape
  8:4049  warning  Unnecessary escape character: \/         no-useless-escape
  8:4370  warning  Unnecessary escape character: \/         no-useless-escape
  8:4380  warning  Unnecessary escape character: \/         no-useless-escape
  8:4495  warning  Unnecessary escape character: \/         no-useless-escape
  8:5220  warning  Unnecessary escape character: \/         no-useless-escape
  8:5598  warning  Unnecessary escape character: \/         no-useless-escape
  8:5611  warning  Unnecessary escape character: \/         no-useless-escape
  8:6290  warning  Unnecessary escape character: \/         no-useless-escape

✖ 565 problems (0 errors, 565 warnings)
  0 errors and 102 warnings potentially fixable with the `--fix` option.

